
# Characters 0-29:
  [@@@landmark "random string"];;
  ^^^^^^^^^^^^^^^^^^^^^^^^^^^^^
ppx_landmark: expecting payload in ["auto","auto-off"]
#   Characters 5-13:
  [@@@landmark "auto" "no auto"];;
      ^^^^^^^^
ppx_landmark: payload is not a string
#   Characters 10-33:
  let () = (print_endline "hello")[@landmark "too"][@landmark "many"][@landmark "landmarks"];;
           ^^^^^^^^^^^^^^^^^^^^^^^
ppx_landmark: too many attributes
#     val two : int = 2
#     Characters 13-33, ppx_landmark: let annotation expect explicit eta-long function (the body should start with a 'fun ...' or 'function ...')
#   
