open
  struct
    let __generated_landmark__001_ =
      Landmark.register ~id:"7b809a6a9a1acad2798b7677e63deba9"
        ~location:"test.ml:1" "Test.f"
    and __generated_landmark__002_ =
      Landmark.register ~id:"8455f741559d9766a547fc29dd14eb1f"
        ~location:"test.ml:3" "Test.g"
    and __generated_landmark__003_ =
      Landmark.register ~id:"dbecc4a1266c1809fb2ec3cccab6857d"
        ~location:"test.ml:9" "Test.f"
    and __generated_landmark__004_ =
      Landmark.register ~id:"df9eb2ad4ad1cb19806383631430b02a"
        ~location:"test.ml:12" "Test._f"
    and __generated_landmark__005_ =
      Landmark.register ~id:"091dbb5737c78466d0e283f558044fbc"
        ~location:"test.ml:13" "Test._f"
    and __generated_landmark__006_ =
      Landmark.register ~id:"e797bbb05991be0c495a7046519c6422"
        ~location:"test.ml:1" "load(test)"
  end
let () = Landmark.enter __generated_landmark__006_
let f x = x + 1
let f __x0 =
  Landmark.enter __generated_landmark__001_;
  (let r =
     try f __x0
     with | e -> (Landmark.exit __generated_landmark__001_; Landmark.raise e) in
   Landmark.exit __generated_landmark__001_; r)[@@ocaml.warning "-32-16"]
  [@@inline ]
let g ?x ~y z = ((f x) + y) + z
let g ?x:__x0 ~y:__x1 __x2 =
  Landmark.enter __generated_landmark__002_;
  (let r =
     try g ?x:__x0 ~y:__x1 __x2
     with | e -> (Landmark.exit __generated_landmark__002_; Landmark.raise e) in
   Landmark.exit __generated_landmark__002_; r)[@@ocaml.warning "-32-16"]
  [@@inline ]
module T = struct type t =
                    | A  end
let f x : T.t= A[@@attribute_on_f ]
let f __x0 =
  Landmark.enter __generated_landmark__003_;
  (let r =
     try f __x0
     with | e -> (Landmark.exit __generated_landmark__003_; Landmark.raise e) in
   Landmark.exit __generated_landmark__003_; r)[@@ocaml.warning "-32-16"]
  [@@inline ]
let _ =
  let _f x y : T.t -> _= function | A -> x in
  let _f __x0 __x1 __x2 =
    Landmark.enter __generated_landmark__004_;
    (let r =
       try _f __x0 __x1 __x2
       with
       | e -> (Landmark.exit __generated_landmark__004_; Landmark.raise e) in
     Landmark.exit __generated_landmark__004_; r)[@@inline ] in
  let _f x : T.t= A in
  let _f __x0 =
    Landmark.enter __generated_landmark__005_;
    (let r =
       try _f __x0
       with
       | e -> (Landmark.exit __generated_landmark__005_; Landmark.raise e) in
     Landmark.exit __generated_landmark__005_; r)[@@inline ] in
  ()
class o =
  object (_ : < x: T.t   ;.. > )
    method x = A
    method y : T.t= A
    method f x y : T.t= if x && y then A else A
    method g x y : unit -> T.t= function | () -> if x && y then A else A
  end
let () = Landmark.exit __generated_landmark__006_
