in: lm1
in: lm2
in: lm3
in: lm4_alpha
in: no-auto
in: mod_lm0
in: mod_lm1
in: mod_lm2
in: mod_lm3
in: mod_no-auto
in: incl_lm0
in: incl_lm1
in: incl_lm2
in: incl_lm3
in: incl_no-auto1
in: incl_no-auto2
in: local1
in: local2
in: local_noauto

Landmark reached:
ROOT
Tests/ppx-simpler/test.M.mod_lm0
Tests/ppx-simpler/test.M.mod_lm1
Tests/ppx-simpler/test.M.mod_lm2
Tests/ppx-simpler/test.M.mod_lm2
Tests/ppx-simpler/test.M.mod_lm3
Tests/ppx-simpler/test.even
Tests/ppx-simpler/test.fib
Tests/ppx-simpler/test.incl_lm0
Tests/ppx-simpler/test.incl_lm1
Tests/ppx-simpler/test.incl_lm2
Tests/ppx-simpler/test.incl_lm2
Tests/ppx-simpler/test.incl_lm3
Tests/ppx-simpler/test.lm1
Tests/ppx-simpler/test.lm2
Tests/ppx-simpler/test.lm2
Tests/ppx-simpler/test.lm3
Tests/ppx-simpler/test.lm4
Tests/ppx-simpler/test.lm4_alpha
Tests/ppx-simpler/test.local1
Tests/ppx-simpler/test.local2
Tests/ppx-simpler/test.main
Tests/ppx-simpler/test.module
Tests/ppx-simpler/test.module
Tests/ppx-simpler/test.next_prime
Tests/ppx-simpler/test.not module
Tests/ppx-simpler/test.odd
Tests/ppx-simpler/test.odd0
Tests/ppx-simpler/test.prime
Tests/ppx-simpler/test.print
Tests/ppx-simpler/test.result
